c:\users\gimch\document\unreal_animatedshot-main\projectsr_don-tstarve\projecct_don'tstrave\engine\default\x64\debug\vc143.pdb
c:\users\gimch\document\unreal_animatedshot-main\projectsr_don-tstarve\projecct_don'tstrave\engine\default\x64\debug\vc143.idb
c:\users\gimch\document\unreal_animatedshot-main\projectsr_don-tstarve\projecct_don'tstrave\engine\default\x64\debug\layer.obj
c:\users\gimch\document\unreal_animatedshot-main\projectsr_don-tstarve\projecct_don'tstrave\engine\default\x64\debug\landobject.obj
c:\users\gimch\document\unreal_animatedshot-main\projectsr_don-tstarve\projecct_don'tstrave\engine\default\x64\debug\graphic_device.obj
c:\users\gimch\document\unreal_animatedshot-main\projectsr_don-tstarve\projecct_don'tstrave\engine\default\x64\debug\gameinstance.obj
c:\users\gimch\document\unreal_animatedshot-main\projectsr_don-tstarve\projecct_don'tstrave\engine\default\x64\debug\filereader.obj
c:\users\gimch\document\unreal_animatedshot-main\projectsr_don-tstarve\projecct_don'tstrave\engine\default\x64\debug\file.obj
c:\users\gimch\document\unreal_animatedshot-main\projectsr_don-tstarve\projecct_don'tstrave\engine\default\x64\debug\soundmanager.obj
c:\users\gimch\document\unreal_animatedshot-main\projectsr_don-tstarve\projecct_don'tstrave\engine\default\x64\debug\keymanager.obj
c:\users\gimch\document\unreal_animatedshot-main\projectsr_don-tstarve\projecct_don'tstrave\engine\default\x64\debug\font_manager.obj
c:\users\gimch\document\unreal_animatedshot-main\projectsr_don-tstarve\projecct_don'tstrave\engine\default\x64\debug\cutility.obj
c:\users\gimch\document\unreal_animatedshot-main\projectsr_don-tstarve\projecct_don'tstrave\engine\default\x64\debug\csvreader.obj
c:\users\gimch\document\unreal_animatedshot-main\projectsr_don-tstarve\projecct_don'tstrave\engine\default\x64\debug\component.obj
c:\users\gimch\document\unreal_animatedshot-main\projectsr_don-tstarve\projecct_don'tstrave\engine\default\x64\debug\collision_manager.obj
c:\users\gimch\document\unreal_animatedshot-main\projectsr_don-tstarve\projecct_don'tstrave\engine\default\x64\debug\collision_component.obj
c:\users\gimch\document\unreal_animatedshot-main\projectsr_don-tstarve\projecct_don'tstrave\engine\default\x64\debug\cmath.obj
c:\users\gimch\document\unreal_animatedshot-main\projectsr_don-tstarve\projecct_don'tstrave\engine\default\x64\debug\box_collision_component.obj
c:\users\gimch\document\unreal_animatedshot-main\projectsr_don-tstarve\projecct_don'tstrave\engine\default\x64\debug\base.obj
c:\users\gimch\document\unreal_animatedshot-main\projectsr_don-tstarve\projecct_don'tstrave\engine\default\x64\debug\animcontroller.obj
c:\users\gimch\document\unreal_animatedshot-main\projectsr_don-tstarve\projecct_don'tstrave\engine\default\x64\debug\alphaobject.obj
c:\users\gimch\document\unreal_animatedshot-main\projectsr_don-tstarve\projecct_don'tstrave\engine\default\x64\debug\engine.tlog\cl.command.1.tlog
c:\users\gimch\document\unreal_animatedshot-main\projectsr_don-tstarve\projecct_don'tstrave\engine\default\x64\debug\engine.tlog\cl.read.1.tlog
c:\users\gimch\document\unreal_animatedshot-main\projectsr_don-tstarve\projecct_don'tstrave\engine\default\x64\debug\engine.tlog\cl.write.1.tlog
