  AlphaObject.cpp
  Box_Collision_Component.cpp
  Collision_Component.cpp
  Collision_Manager.cpp
  GameInstance.cpp
  GameObject.cpp
  LandObject.cpp
  Layer.cpp
  Level.cpp
  LightComponent.cpp
  Object_Manager.cpp
  Prototype_Manager.cpp
  Renderer.cpp
  Sphere_Collision_Component.cpp
  FrustomCamera.cpp
  Light_Manager.cpp
  MouseManager.cpp
  MouseSlotUI.cpp
  UserInterface.cpp
  코드를 생성하고 있습니다...
     ../Bin/Debug/Engine.lib 라이브러리 및 ../Bin/Debug/Engine.exp 개체를 생성하고 있습니다.
  Engine.vcxproj -> C:\Users\kjh23\OneDrive\바탕 화면\SR팀과제\Projecct_Don'tStrave\Engine\Bin\Debug\Engine.dll
